

================================================================
== Vivado HLS Report for 'conv_layer4'
================================================================
* Date:           Thu Jul 20 15:05:53 2017

* Version:        2017.1 (Build 1846317 on Fri Apr 14 19:19:38 MDT 2017)
* Project:        Alexnet_io_n_memory_opt
* Solution:       solution7_testing
* Product family: virtex7
* Target device:  xc7vx485tffg1761-2


================================================================
== Performance Estimates
================================================================
+ Timing (ns): 
    * Summary: 
    +--------+-------+----------+------------+
    |  Clock | Target| Estimated| Uncertainty|
    +--------+-------+----------+------------+
    |ap_clk  |  10.00|      9.77|        1.25|
    +--------+-------+----------+------------+

+ Latency (clock cycles): 
    * Summary: 
    +--------+---------+--------+---------+---------+
    |      Latency     |     Interval     | Pipeline|
    |   min  |   max   |   min  |   max   |   Type  |
    +--------+---------+--------+---------+---------+
    |  931811|  3327611|  931811|  3327611|   none  |
    +--------+---------+--------+---------+---------+

    + Detail: 
        * Instance: 
        N/A

        * Loop: 
        +----------------------------+--------+---------+---------------+-----------+-----------+--------+----------+
        |                            |      Latency     |   Iteration   |  Initiation Interval  |  Trip  |          |
        |          Loop Name         |   min  |   max   |    Latency    |  achieved |   target  |  Count | Pipelined|
        +----------------------------+--------+---------+---------------+-----------+-----------+--------+----------+
        |- conv_layer_label12        |  931810|  3327610| 16942 ~ 60502 |          -|          -|      55|    no    |
        | + conv_layer_label11       |   16940|    60500|   308 ~ 1100  |          -|          -|      55|    no    |
        |  ++ conv_layer_label0      |       6|      798|    2 ~ 266    |          -|          -|       3|    no    |
        |   +++ conv_layer_label1    |       0|      264|     2 ~ 24    |          -|          -| 0 ~ 11 |    no    |
        |    ++++ conv_layer_label2  |       0|       22|              2|          -|          -| 0 ~ 11 |    no    |
        |  ++ conv_layer_label10     |     192|      192|              2|          -|          -|      96|    no    |
        +----------------------------+--------+---------+---------------+-----------+-----------+--------+----------+



================================================================
== Utilization Estimates
================================================================
* Summary: 
+-----------------+---------+-------+--------+--------+
|       Name      | BRAM_18K| DSP48E|   FF   |   LUT  |
+-----------------+---------+-------+--------+--------+
|DSP              |        -|      -|       -|       -|
|Expression       |        -|      0|       0|     364|
|FIFO             |        -|      -|       -|       -|
|Instance         |        -|    109|    7909|    7757|
|Memory           |     1046|      -|       0|       0|
|Multiplexer      |        -|      -|       -|    5475|
|Register         |        -|      -|    3501|       -|
+-----------------+---------+-------+--------+--------+
|Total            |     1046|    109|   11410|   13596|
+-----------------+---------+-------+--------+--------+
|Available        |     2060|   2800|  607200|  303600|
+-----------------+---------+-------+--------+--------+
|Utilization (%)  |       50|      3|       1|       4|
+-----------------+---------+-------+--------+--------+

+ Detail: 
    * Instance: 
    +--------------------------+----------------------+---------+-------+-----+-----+
    |         Instance         |        Module        | BRAM_18K| DSP48E|  FF | LUT |
    +--------------------------+----------------------+---------+-------+-----+-----+
    |synthesize_fadd_3mb6_U0   |synthesize_fadd_3mb6  |        0|      2|  227|  214|
    |synthesize_fadd_3mb6_U1   |synthesize_fadd_3mb6  |        0|      2|  227|  214|
    |synthesize_fadd_3mb6_U2   |synthesize_fadd_3mb6  |        0|      2|  227|  214|
    |synthesize_fadd_3mb6_U3   |synthesize_fadd_3mb6  |        0|      2|  227|  214|
    |synthesize_fadd_3mb6_U4   |synthesize_fadd_3mb6  |        0|      2|  227|  214|
    |synthesize_fadd_3mb6_U5   |synthesize_fadd_3mb6  |        0|      2|  227|  214|
    |synthesize_fadd_3mb6_U6   |synthesize_fadd_3mb6  |        0|      2|  227|  214|
    |synthesize_fadd_3mb6_U7   |synthesize_fadd_3mb6  |        0|      2|  227|  214|
    |synthesize_fadd_3mb6_U8   |synthesize_fadd_3mb6  |        0|      2|  227|  214|
    |synthesize_fadd_3mb6_U9   |synthesize_fadd_3mb6  |        0|      2|  227|  214|
    |synthesize_fadd_3mb6_U10  |synthesize_fadd_3mb6  |        0|      2|  227|  214|
    |synthesize_fadd_3mb6_U11  |synthesize_fadd_3mb6  |        0|      2|  227|  214|
    |synthesize_fadd_3mb6_U12  |synthesize_fadd_3mb6  |        0|      2|  227|  214|
    |synthesize_fadd_3mb6_U13  |synthesize_fadd_3mb6  |        0|      2|  227|  214|
    |synthesize_fadd_3mb6_U14  |synthesize_fadd_3mb6  |        0|      2|  227|  214|
    |synthesize_fadd_3mb6_U15  |synthesize_fadd_3mb6  |        0|      2|  227|  214|
    |synthesize_fadd_3mb6_U16  |synthesize_fadd_3mb6  |        0|      2|  227|  214|
    |synthesize_fadd_3mb6_U17  |synthesize_fadd_3mb6  |        0|      2|  227|  214|
    |synthesize_fadd_3mb6_U18  |synthesize_fadd_3mb6  |        0|      2|  227|  214|
    |synthesize_fadd_3mb6_U19  |synthesize_fadd_3mb6  |        0|      2|  227|  214|
    |synthesize_fadd_3mb6_U20  |synthesize_fadd_3mb6  |        0|      2|  227|  214|
    |synthesize_fadd_3mb6_U21  |synthesize_fadd_3mb6  |        0|      2|  227|  214|
    |synthesize_fadd_3mb6_U22  |synthesize_fadd_3mb6  |        0|      2|  227|  214|
    |synthesize_fmul_3ncg_U23  |synthesize_fmul_3ncg  |        0|      3|  128|  135|
    |synthesize_fmul_3ncg_U24  |synthesize_fmul_3ncg  |        0|      3|  128|  135|
    |synthesize_fmul_3ncg_U25  |synthesize_fmul_3ncg  |        0|      3|  128|  135|
    |synthesize_fmul_3ncg_U26  |synthesize_fmul_3ncg  |        0|      3|  128|  135|
    |synthesize_fmul_3ncg_U27  |synthesize_fmul_3ncg  |        0|      3|  128|  135|
    |synthesize_fmul_3ncg_U28  |synthesize_fmul_3ncg  |        0|      3|  128|  135|
    |synthesize_fmul_3ncg_U29  |synthesize_fmul_3ncg  |        0|      3|  128|  135|
    |synthesize_fmul_3ncg_U30  |synthesize_fmul_3ncg  |        0|      3|  128|  135|
    |synthesize_fmul_3ncg_U31  |synthesize_fmul_3ncg  |        0|      3|  128|  135|
    |synthesize_fmul_3ncg_U32  |synthesize_fmul_3ncg  |        0|      3|  128|  135|
    |synthesize_fmul_3ncg_U33  |synthesize_fmul_3ncg  |        0|      3|  128|  135|
    |synthesize_fmul_3ncg_U34  |synthesize_fmul_3ncg  |        0|      3|  128|  135|
    |synthesize_fmul_3ncg_U35  |synthesize_fmul_3ncg  |        0|      3|  128|  135|
    |synthesize_fmul_3ncg_U36  |synthesize_fmul_3ncg  |        0|      3|  128|  135|
    |synthesize_fmul_3ncg_U37  |synthesize_fmul_3ncg  |        0|      3|  128|  135|
    |synthesize_fmul_3ncg_U38  |synthesize_fmul_3ncg  |        0|      3|  128|  135|
    |synthesize_fmul_3ncg_U39  |synthesize_fmul_3ncg  |        0|      3|  128|  135|
    |synthesize_fmul_3ncg_U40  |synthesize_fmul_3ncg  |        0|      3|  128|  135|
    |synthesize_fmul_3ncg_U41  |synthesize_fmul_3ncg  |        0|      3|  128|  135|
    |synthesize_fmul_3ncg_U42  |synthesize_fmul_3ncg  |        0|      3|  128|  135|
    |synthesize_fmul_3ncg_U43  |synthesize_fmul_3ncg  |        0|      3|  128|  135|
    +--------------------------+----------------------+---------+-------+-----+-----+
    |Total                     |                      |        0|    109| 7909| 7757|
    +--------------------------+----------------------+---------+-------+-----+-----+

    * DSP48: 
    N/A

    * Memory: 
    +---------------+----------------------+---------+---+----+--------+-----+------+-------------+
    |     Memory    |        Module        | BRAM_18K| FF| LUT|  Words | Bits| Banks| W*Bits*Banks|
    +---------------+----------------------+---------+---+----+--------+-----+------+-------------+
    |conv1_U        |conv_layer4_conv1     |     1024|  0|   0|  290400|   32|     1|      9292800|
    |inp_temp_0_U   |conv_layer4_inp_tbkb  |        2|  0|   0|      33|   32|     1|         1056|
    |inp_temp_1_U   |conv_layer4_inp_tbkb  |        2|  0|   0|      33|   32|     1|         1056|
    |inp_temp_2_U   |conv_layer4_inp_tbkb  |        2|  0|   0|      33|   32|     1|         1056|
    |inp_temp_3_U   |conv_layer4_inp_tbkb  |        2|  0|   0|      33|   32|     1|         1056|
    |inp_temp_4_U   |conv_layer4_inp_tbkb  |        2|  0|   0|      33|   32|     1|         1056|
    |inp_temp_5_U   |conv_layer4_inp_tbkb  |        2|  0|   0|      33|   32|     1|         1056|
    |inp_temp_6_U   |conv_layer4_inp_tbkb  |        2|  0|   0|      33|   32|     1|         1056|
    |inp_temp_7_U   |conv_layer4_inp_tbkb  |        2|  0|   0|      33|   32|     1|         1056|
    |inp_temp_8_U   |conv_layer4_inp_tbkb  |        2|  0|   0|      33|   32|     1|         1056|
    |inp_temp_9_U   |conv_layer4_inp_tbkb  |        2|  0|   0|      33|   32|     1|         1056|
    |inp_temp_10_U  |conv_layer4_inp_tbkb  |        2|  0|   0|      33|   32|     1|         1056|
    +---------------+----------------------+---------+---+----+--------+-----+------+-------------+
    |Total          |                      |     1046|  0|   0|  290763|  384|    12|      9304416|
    +---------------+----------------------+---------+---+----+--------+-----+------+-------------+

    * FIFO: 
    N/A

    * Expression: 
    +----------------------+----------+-------+---+----+------------+------------+
    |     Variable Name    | Operation| DSP48E| FF| LUT| Bitwidth P0| Bitwidth P1|
    +----------------------+----------+-------+---+----+------------+------------+
    |tmp4_fu_2771_p2       |     *    |      0|  0|  41|           8|           6|
    |h1_1_fu_2736_p2       |     +    |      0|  0|  39|          32|           1|
    |h_1_fu_2624_p2        |     +    |      0|  0|  15|           6|           1|
    |ix_1_fu_2673_p2       |     +    |      0|  0|  39|          32|           1|
    |jy_1_fu_2730_p2       |     +    |      0|  0|  15|           1|           6|
    |m_1_fu_2754_p2        |     +    |      0|  0|  15|           7|           1|
    |n1_1_fu_2662_p2       |     +    |      0|  0|  10|           2|           1|
    |next_mul_fu_2760_p2   |     +    |      0|  0|  15|           8|           6|
    |p_sum1_fu_2777_p2     |     +    |      0|  0|  15|           8|           8|
    |tmp3_fu_2766_p2       |     +    |      0|  0|  15|           8|           8|
    |tmp_13_fu_2705_p2     |     +    |      0|  0|   8|           7|           7|
    |tmp_2_fu_2604_p2      |     +    |      0|  0|  15|           8|           4|
    |tmp_4_fu_2642_p2      |     +    |      0|  0|  15|           8|           4|
    |w1_1_fu_2742_p2       |     +    |      0|  0|  39|          32|           1|
    |w_1_fu_2586_p2        |     +    |      0|  0|  15|           6|           1|
    |tmp_12_fu_2699_p2     |     -    |      0|  0|   8|           7|           7|
    |exitcond7_fu_2748_p2  |   icmp   |      0|  0|   4|           7|           7|
    |exitcond8_fu_2656_p2  |   icmp   |      0|  0|   1|           2|           2|
    |exitcond9_fu_2618_p2  |   icmp   |      0|  0|   3|           6|           5|
    |exitcond_fu_2580_p2   |   icmp   |      0|  0|   3|           6|           5|
    |tmp_5_fu_2725_p2      |   icmp   |      0|  0|  16|          32|          32|
    |tmp_8_fu_2668_p2      |   icmp   |      0|  0|  16|          32|          32|
    |ap_block_state1       |    or    |      0|  0|   2|           1|           1|
    +----------------------+----------+-------+---+----+------------+------------+
    |Total                 |          |      0|  0| 364|         266|         147|
    +----------------------+----------+-------+---+----+------------+------------+

    * Multiplexer: 
    +----------------------+-----+-----------+-----+-----------+
    |         Name         | LUT | Input Size| Bits| Total Bits|
    +----------------------+-----+-----------+-----+-----------+
    |ap_NS_fsm             |  512|        117|    1|        117|
    |ap_done               |    9|          2|    1|          2|
    |grp_fu_1499_p0        |   33|          6|   32|        192|
    |grp_fu_1499_p1        |   38|          7|   32|        224|
    |grp_fu_1504_p0        |   38|          7|   32|        224|
    |grp_fu_1504_p1        |   38|          7|   32|        224|
    |grp_fu_1509_p0        |   38|          7|   32|        224|
    |grp_fu_1509_p1        |   38|          7|   32|        224|
    |grp_fu_1514_p0        |   41|          8|   32|        256|
    |grp_fu_1514_p1        |   41|          8|   32|        256|
    |grp_fu_1519_p0        |   44|          9|   32|        288|
    |grp_fu_1519_p1        |   41|          8|   32|        256|
    |grp_fu_1523_p0        |   44|          9|   32|        288|
    |grp_fu_1523_p1        |   41|          8|   32|        256|
    |grp_fu_1529_p0        |   44|          9|   32|        288|
    |grp_fu_1529_p1        |   41|          8|   32|        256|
    |grp_fu_1533_p0        |   44|          9|   32|        288|
    |grp_fu_1533_p1        |   41|          8|   32|        256|
    |grp_fu_1538_p0        |   44|          9|   32|        288|
    |grp_fu_1538_p1        |   41|          8|   32|        256|
    |grp_fu_1542_p0        |   41|          8|   32|        256|
    |grp_fu_1542_p1        |   41|          8|   32|        256|
    |grp_fu_1548_p0        |   33|          6|   32|        192|
    |grp_fu_1548_p1        |   38|          7|   32|        224|
    |grp_fu_1552_p0        |   38|          7|   32|        224|
    |grp_fu_1552_p1        |   27|          5|   32|        160|
    |grp_fu_1557_p0        |   27|          5|   32|        160|
    |grp_fu_1557_p1        |   27|          5|   32|        160|
    |grp_fu_1561_p0        |   33|          6|   32|        192|
    |grp_fu_1561_p1        |   33|          6|   32|        192|
    |grp_fu_1567_p0        |   27|          5|   32|        160|
    |grp_fu_1567_p1        |   27|          5|   32|        160|
    |grp_fu_1571_p0        |   33|          6|   32|        192|
    |grp_fu_1571_p1        |   33|          6|   32|        192|
    |grp_fu_1576_p0        |   27|          5|   32|        160|
    |grp_fu_1576_p1        |   27|          5|   32|        160|
    |grp_fu_1580_p0        |   33|          6|   32|        192|
    |grp_fu_1580_p1        |   33|          6|   32|        192|
    |grp_fu_1586_p0        |   27|          5|   32|        160|
    |grp_fu_1586_p1        |   27|          5|   32|        160|
    |grp_fu_1590_p0        |   33|          6|   32|        192|
    |grp_fu_1590_p1        |   27|          5|   32|        160|
    |grp_fu_1595_p0        |   21|          4|   32|        128|
    |grp_fu_1595_p1        |   21|          4|   32|        128|
    |grp_fu_1599_p0        |   21|          4|   32|        128|
    |grp_fu_1599_p1        |   21|          4|   32|        128|
    |grp_fu_1609_p0        |   53|         12|   32|        384|
    |grp_fu_1614_p0        |  101|         21|   32|        672|
    |grp_fu_1619_p0        |   93|         19|   32|        608|
    |grp_fu_1624_p0        |   89|         18|   32|        576|
    |grp_fu_1629_p0        |   85|         17|   32|        544|
    |grp_fu_1634_p0        |   85|         17|   32|        544|
    |grp_fu_1639_p0        |   65|         16|   32|        512|
    |grp_fu_1644_p0        |   65|         16|   32|        512|
    |grp_fu_1649_p0        |   62|         15|   32|        480|
    |grp_fu_1654_p0        |   59|         14|   32|        448|
    |grp_fu_1659_p0        |   56|         13|   32|        416|
    |grp_fu_1664_p0        |   50|         11|   32|        352|
    |grp_fu_1669_p0        |   41|          8|   32|        256|
    |grp_fu_1674_p0        |   38|          7|   32|        224|
    |grp_fu_1679_p0        |   38|          7|   32|        224|
    |grp_fu_1684_p0        |   33|          6|   32|        192|
    |grp_fu_1689_p0        |   27|          5|   32|        160|
    |grp_fu_1694_p0        |   21|          4|   32|        128|
    |grp_fu_1699_p0        |   21|          4|   32|        128|
    |grp_fu_1704_p0        |   15|          3|   32|         96|
    |grp_fu_1709_p0        |   15|          3|   32|         96|
    |h2_reg_1446           |    9|          2|   32|         64|
    |h_reg_1413            |    9|          2|    6|         12|
    |inp_temp_0_address0   |   89|         18|    6|        108|
    |inp_temp_0_address1   |   89|         18|    6|        108|
    |inp_temp_10_address0  |   89|         18|    6|        108|
    |inp_temp_10_address1  |   89|         18|    6|        108|
    |inp_temp_1_address0   |   89|         18|    6|        108|
    |inp_temp_1_address1   |   89|         18|    6|        108|
    |inp_temp_2_address0   |   89|         18|    6|        108|
    |inp_temp_2_address1   |   89|         18|    6|        108|
    |inp_temp_3_address0   |   89|         18|    6|        108|
    |inp_temp_3_address1   |   89|         18|    6|        108|
    |inp_temp_4_address0   |   89|         18|    6|        108|
    |inp_temp_4_address1   |   89|         18|    6|        108|
    |inp_temp_5_address0   |   89|         18|    6|        108|
    |inp_temp_5_address1   |   89|         18|    6|        108|
    |inp_temp_6_address0   |   89|         18|    6|        108|
    |inp_temp_6_address1   |   89|         18|    6|        108|
    |inp_temp_7_address0   |   89|         18|    6|        108|
    |inp_temp_7_address1   |   89|         18|    6|        108|
    |inp_temp_8_address0   |   89|         18|    6|        108|
    |inp_temp_8_address1   |   89|         18|    6|        108|
    |inp_temp_9_address0   |   89|         18|    6|        108|
    |inp_temp_9_address1   |   89|         18|    6|        108|
    |ix_reg_1435           |    9|          2|   32|         64|
    |jy_reg_1456           |    9|          2|    6|         12|
    |m_reg_1477            |    9|          2|    7|         14|
    |n1_reg_1424           |    9|          2|    2|          4|
    |phi_mul_reg_1488      |    9|          2|    8|         16|
    |reg_1714              |    9|          2|   32|         64|
    |reg_1730              |    9|          2|   32|         64|
    |reg_1737              |    9|          2|   32|         64|
    |reg_1765              |    9|          2|   32|         64|
    |reg_1773              |    9|          2|   32|         64|
    |reg_1781              |    9|          2|   32|         64|
    |reg_1831              |    9|          2|   32|         64|
    |reg_1840              |    9|          2|   32|         64|
    |reg_1849              |    9|          2|   32|         64|
    |reg_1907              |    9|          2|   32|         64|
    |reg_1917              |    9|          2|   32|         64|
    |reg_1927              |    9|          2|   32|         64|
    |reg_1986              |    9|          2|   32|         64|
    |reg_1997              |    9|          2|   32|         64|
    |reg_2008              |    9|          2|   32|         64|
    |reg_2067              |    9|          2|   32|         64|
    |reg_2078              |    9|          2|   32|         64|
    |reg_2090              |    9|          2|   32|         64|
    |reg_2149              |    9|          2|   32|         64|
    |reg_2161              |    9|          2|   32|         64|
    |reg_2173              |    9|          2|   32|         64|
    |reg_2231              |    9|          2|   32|         64|
    |reg_2244              |    9|          2|   32|         64|
    |reg_2257              |    9|          2|   32|         64|
    |reg_2315              |    9|          2|   32|         64|
    |reg_2329              |    9|          2|   32|         64|
    |reg_2343              |    9|          2|   32|         64|
    |reg_2400              |    9|          2|   32|         64|
    |reg_2415              |    9|          2|   32|         64|
    |reg_2430              |    9|          2|   32|         64|
    |reg_2486              |    9|          2|   32|         64|
    |reg_2501              |    9|          2|   32|         64|
    |reg_2543              |    9|          2|   32|         64|
    |w2_reg_1467           |    9|          2|   32|         64|
    |w_reg_1402            |    9|          2|    6|         12|
    +----------------------+-----+-----------+-----+-----------+
    |Total                 | 5475|       1121| 3401|      21573|
    +----------------------+-----+-----------+-----+-----------+

    * Register: 
    +--------------------------+-----+----+-----+-----------+
    |           Name           |  FF | LUT| Bits| Const Bits|
    +--------------------------+-----+----+-----+-----------+
    |ap_CS_fsm                 |  116|   0|  116|          0|
    |ap_done_reg               |    1|   0|    1|          0|
    |h2_reg_1446               |   32|   0|   32|          0|
    |hStart_cast_reg_2822      |    6|   0|   32|         26|
    |h_1_reg_2817              |    6|   0|    6|          0|
    |h_cast2_reg_2809          |    6|   0|    8|          2|
    |h_reg_1413                |    6|   0|    6|          0|
    |ix_1_reg_2848             |   32|   0|   32|          0|
    |ix_reg_1435               |   32|   0|   32|          0|
    |jy_1_reg_2860             |    6|   0|    6|          0|
    |jy_reg_1456               |    6|   0|    6|          0|
    |m_1_reg_2883              |    7|   0|    7|          0|
    |m_reg_1477                |    7|   0|    7|          0|
    |n1_1_reg_2840             |    2|   0|    2|          0|
    |n1_cast1_cast_reg_2832    |    2|   0|    7|          5|
    |n1_reg_1424               |    2|   0|    2|          0|
    |next_mul_reg_2888         |    8|   0|    8|          0|
    |phi_mul_reg_1488          |    8|   0|    8|          0|
    |reg_1714                  |   32|   0|   32|          0|
    |reg_1721                  |   32|   0|   32|          0|
    |reg_1730                  |   32|   0|   32|          0|
    |reg_1737                  |   32|   0|   32|          0|
    |reg_1744                  |   32|   0|   32|          0|
    |reg_1750                  |   32|   0|   32|          0|
    |reg_1756                  |   32|   0|   32|          0|
    |reg_1765                  |   32|   0|   32|          0|
    |reg_1773                  |   32|   0|   32|          0|
    |reg_1781                  |   32|   0|   32|          0|
    |reg_1795                  |   32|   0|   32|          0|
    |reg_1801                  |   32|   0|   32|          0|
    |reg_1807                  |   32|   0|   32|          0|
    |reg_1813                  |   32|   0|   32|          0|
    |reg_1822                  |   32|   0|   32|          0|
    |reg_1831                  |   32|   0|   32|          0|
    |reg_1840                  |   32|   0|   32|          0|
    |reg_1849                  |   32|   0|   32|          0|
    |reg_1862                  |   32|   0|   32|          0|
    |reg_1868                  |   32|   0|   32|          0|
    |reg_1874                  |   32|   0|   32|          0|
    |reg_1881                  |   32|   0|   32|          0|
    |reg_1889                  |   32|   0|   32|          0|
    |reg_1898                  |   32|   0|   32|          0|
    |reg_1907                  |   32|   0|   32|          0|
    |reg_1917                  |   32|   0|   32|          0|
    |reg_1927                  |   32|   0|   32|          0|
    |reg_1939                  |   32|   0|   32|          0|
    |reg_1945                  |   32|   0|   32|          0|
    |reg_1951                  |   32|   0|   32|          0|
    |reg_1959                  |   32|   0|   32|          0|
    |reg_1968                  |   32|   0|   32|          0|
    |reg_1977                  |   32|   0|   32|          0|
    |reg_1986                  |   32|   0|   32|          0|
    |reg_1997                  |   32|   0|   32|          0|
    |reg_2008                  |   32|   0|   32|          0|
    |reg_2019                  |   32|   0|   32|          0|
    |reg_2025                  |   32|   0|   32|          0|
    |reg_2031                  |   32|   0|   32|          0|
    |reg_2040                  |   32|   0|   32|          0|
    |reg_2049                  |   32|   0|   32|          0|
    |reg_2058                  |   32|   0|   32|          0|
    |reg_2067                  |   32|   0|   32|          0|
    |reg_2078                  |   32|   0|   32|          0|
    |reg_2090                  |   32|   0|   32|          0|
    |reg_2101                  |   32|   0|   32|          0|
    |reg_2107                  |   32|   0|   32|          0|
    |reg_2113                  |   32|   0|   32|          0|
    |reg_2122                  |   32|   0|   32|          0|
    |reg_2131                  |   32|   0|   32|          0|
    |reg_2140                  |   32|   0|   32|          0|
    |reg_2149                  |   32|   0|   32|          0|
    |reg_2161                  |   32|   0|   32|          0|
    |reg_2173                  |   32|   0|   32|          0|
    |reg_2184                  |   32|   0|   32|          0|
    |reg_2190                  |   32|   0|   32|          0|
    |reg_2196                  |   32|   0|   32|          0|
    |reg_2205                  |   32|   0|   32|          0|
    |reg_2214                  |   32|   0|   32|          0|
    |reg_2222                  |   32|   0|   32|          0|
    |reg_2231                  |   32|   0|   32|          0|
    |reg_2244                  |   32|   0|   32|          0|
    |reg_2257                  |   32|   0|   32|          0|
    |reg_2269                  |   32|   0|   32|          0|
    |reg_2275                  |   32|   0|   32|          0|
    |reg_2281                  |   32|   0|   32|          0|
    |reg_2290                  |   32|   0|   32|          0|
    |reg_2298                  |   32|   0|   32|          0|
    |reg_2306                  |   32|   0|   32|          0|
    |reg_2315                  |   32|   0|   32|          0|
    |reg_2329                  |   32|   0|   32|          0|
    |reg_2343                  |   32|   0|   32|          0|
    |reg_2355                  |   32|   0|   32|          0|
    |reg_2361                  |   32|   0|   32|          0|
    |reg_2367                  |   32|   0|   32|          0|
    |reg_2375                  |   32|   0|   32|          0|
    |reg_2383                  |   32|   0|   32|          0|
    |reg_2391                  |   32|   0|   32|          0|
    |reg_2400                  |   32|   0|   32|          0|
    |reg_2415                  |   32|   0|   32|          0|
    |reg_2430                  |   32|   0|   32|          0|
    |reg_2443                  |   32|   0|   32|          0|
    |reg_2449                  |   32|   0|   32|          0|
    |reg_2455                  |   32|   0|   32|          0|
    |reg_2463                  |   32|   0|   32|          0|
    |reg_2471                  |   32|   0|   32|          0|
    |reg_2479                  |   32|   0|   32|          0|
    |reg_2486                  |   32|   0|   32|          0|
    |reg_2501                  |   32|   0|   32|          0|
    |reg_2515                  |   32|   0|   32|          0|
    |reg_2521                  |   32|   0|   32|          0|
    |reg_2529                  |   32|   0|   32|          0|
    |reg_2537                  |   32|   0|   32|          0|
    |reg_2543                  |   32|   0|   32|          0|
    |reg_2557                  |   32|   0|   32|          0|
    |reg_2564                  |   32|   0|   32|          0|
    |reg_2571                  |   32|   0|   32|          0|
    |temp_sum0_1_2_s_reg_2875  |   32|   0|   32|          0|
    |tmp4_reg_2893             |    8|   0|    8|          0|
    |tmp_10_reg_2853           |    4|   0|    4|          0|
    |tmp_2_cast_reg_2804       |    6|   0|   32|         26|
    |tmp_4_cast_reg_2827       |    6|   0|   32|         26|
    |w2_reg_1467               |   32|   0|   32|          0|
    |wStart_cast_reg_2799      |    6|   0|   32|         26|
    |w_1_reg_2794              |    6|   0|    6|          0|
    |w_cast3_reg_2786          |    6|   0|    8|          2|
    |w_reg_1402                |    6|   0|    6|          0|
    +--------------------------+-----+----+-----+-----------+
    |Total                     | 3501|   0| 3614|        113|
    +--------------------------+-----+----+-----+-----------+



================================================================
== Interface
================================================================
* Summary: 
+-------------+-----+-----+------------+--------------+--------------+
|  RTL Ports  | Dir | Bits|  Protocol  | Source Object|    C Type    |
+-------------+-----+-----+------------+--------------+--------------+
|ap_clk       |  in |    1| ap_ctrl_hs |  conv_layer4 | return value |
|ap_rst       |  in |    1| ap_ctrl_hs |  conv_layer4 | return value |
|ap_start     |  in |    1| ap_ctrl_hs |  conv_layer4 | return value |
|ap_done      | out |    1| ap_ctrl_hs |  conv_layer4 | return value |
|ap_continue  |  in |    1| ap_ctrl_hs |  conv_layer4 | return value |
|ap_idle      | out |    1| ap_ctrl_hs |  conv_layer4 | return value |
|ap_ready     | out |    1| ap_ctrl_hs |  conv_layer4 | return value |
+-------------+-----+-----+------------+--------------+--------------+

